// Jest Snapshot v1, https://goo.gl/fbAQLP

exports[`ForumRow component ForumRow snapshot 1`] = `
Object {
  "asFragment": [Function],
  "baseElement": <body>
    <div>
      <div
        class="MuiGrid-root MuiGrid-container MuiGrid-item css-ejktsk-MuiGrid-root"
      >
        <div
          class="MuiGrid-root MuiGrid-item MuiGrid-grid-xs-10 css-17p3wh3-MuiGrid-root"
        >
          <div
            class="MuiBox-root css-12iez47"
          >
            test
          </div>
        </div>
        <div
          class="MuiGrid-root MuiGrid-item MuiGrid-grid-xs-2 css-1o7apob-MuiGrid-root"
        >
          <button
            class="MuiButtonBase-root MuiButton-root MuiButton-contained MuiButton-containedPrimary MuiButton-sizeMedium MuiButton-containedSizeMedium MuiButton-disableElevation MuiButton-root MuiButton-contained MuiButton-containedPrimary MuiButton-sizeMedium MuiButton-containedSizeMedium MuiButton-disableElevation css-1sx6bci-MuiButtonBase-root-MuiButton-root"
            tabindex="0"
            type="button"
          >
            <svg
              aria-hidden="true"
              class="MuiSvgIcon-root MuiSvgIcon-fontSizeMedium css-i4bv87-MuiSvgIcon-root"
              focusable="false"
              viewBox="0 0 25 25"
            >
              <path
                d="M6.14976 4.27879C6.68984 3.84715 6.75985 3.05267 6.32229 2.51843C5.88347 1.98294 5.09585 1.90662 4.56327 2.34577C4.56327 2.34577 1.88912 4.26253 0.98398 8.24617C0.98398 8.24617 0.128851 10.9874 1.72659 14.6871L0.0600902 19.8793C-0.0836815 20.326 0.0350865 20.8164 0.367637 21.148C0.367637 21.148 0.901467 21.6922 1.63658 21.452L6.45856 19.8831C6.82236 20.4348 7.22117 20.964 7.69374 21.437C10.5867 24.3309 14.8998 25.0928 18.5779 23.4113L23.3674 24.9589C23.3674 24.9589 24.1512 25.1654 24.6351 24.6524C24.9576 24.3109 25.0851 23.8304 24.9414 23.3825L23.3949 18.5906C23.3949 18.5906 25.1001 15.5178 23.7524 11.4266C23.7524 11.4266 23.0698 9.14449 21.0233 7.33909C20.5344 5.72261 19.653 4.24126 18.4229 3.01639C15.935 0.535368 12.3907 -0.508086 8.94393 0.235094C8.26883 0.380226 7.83877 1.04458 7.98379 1.72145C8.12881 2.39582 8.79141 2.83122 9.46901 2.68233C12.0844 2.11806 14.7723 2.91004 16.6588 4.79301C18.1441 6.27186 18.9629 8.24116 18.9667 10.3381C18.9704 12.4362 18.1578 14.4093 16.6776 15.8944C14.241 18.3416 10.5504 18.9109 7.49246 17.312C7.19492 17.1568 6.84737 17.1293 6.52732 17.2319L3.18681 18.3166L4.26073 14.9711C4.36324 14.6508 4.32574 14.308 4.17696 14.0064C4.17696 14.0064 2.81176 11.389 3.43685 8.73036C3.43685 8.72911 3.85816 6.11046 6.14976 4.27879ZM18.8667 20.8765C18.5491 20.7701 18.2016 20.8014 17.9028 20.9578C15.5949 22.1701 12.9008 22.0125 10.7655 20.6763C13.5709 20.7776 16.3613 19.7554 18.4491 17.6585C19.9793 16.1209 20.9595 14.1866 21.3133 12.0884C22.0009 13.9539 21.9146 16.0596 20.9432 17.9138C20.787 18.2103 20.7582 18.5593 20.8607 18.8784L21.8121 21.8248L18.8667 20.8765ZM16.135 8.59899C16.135 9.29087 15.5749 9.85013 14.8848 9.85013H7.15241C6.46231 9.85013 5.90222 9.29087 5.90222 8.59899C5.90222 7.90711 6.46231 7.34785 7.15241 7.34785H14.8848C15.5749 7.34785 16.135 7.90711 16.135 8.59899ZM16.135 12.3699C16.135 13.0618 15.5749 13.6211 14.8848 13.6211H7.15241C6.46231 13.6211 5.90222 13.0618 5.90222 12.3699C5.90222 11.6781 6.46231 11.1188 7.15241 11.1188H14.8848C15.5749 11.1188 16.135 11.6781 16.135 12.3699Z"
                fill="white"
              />
            </svg>
            <span
              style="margin-left: 5px;"
            >
              testBtn
            </span>
            <span
              class="MuiTouchRipple-root css-8je8zh-MuiTouchRipple-root"
            />
          </button>
        </div>
      </div>
    </div>
  </body>,
  "container": <div>
    <div
      class="MuiGrid-root MuiGrid-container MuiGrid-item css-ejktsk-MuiGrid-root"
    >
      <div
        class="MuiGrid-root MuiGrid-item MuiGrid-grid-xs-10 css-17p3wh3-MuiGrid-root"
      >
        <div
          class="MuiBox-root css-12iez47"
        >
          test
        </div>
      </div>
      <div
        class="MuiGrid-root MuiGrid-item MuiGrid-grid-xs-2 css-1o7apob-MuiGrid-root"
      >
        <button
          class="MuiButtonBase-root MuiButton-root MuiButton-contained MuiButton-containedPrimary MuiButton-sizeMedium MuiButton-containedSizeMedium MuiButton-disableElevation MuiButton-root MuiButton-contained MuiButton-containedPrimary MuiButton-sizeMedium MuiButton-containedSizeMedium MuiButton-disableElevation css-1sx6bci-MuiButtonBase-root-MuiButton-root"
          tabindex="0"
          type="button"
        >
          <svg
            aria-hidden="true"
            class="MuiSvgIcon-root MuiSvgIcon-fontSizeMedium css-i4bv87-MuiSvgIcon-root"
            focusable="false"
            viewBox="0 0 25 25"
          >
            <path
              d="M6.14976 4.27879C6.68984 3.84715 6.75985 3.05267 6.32229 2.51843C5.88347 1.98294 5.09585 1.90662 4.56327 2.34577C4.56327 2.34577 1.88912 4.26253 0.98398 8.24617C0.98398 8.24617 0.128851 10.9874 1.72659 14.6871L0.0600902 19.8793C-0.0836815 20.326 0.0350865 20.8164 0.367637 21.148C0.367637 21.148 0.901467 21.6922 1.63658 21.452L6.45856 19.8831C6.82236 20.4348 7.22117 20.964 7.69374 21.437C10.5867 24.3309 14.8998 25.0928 18.5779 23.4113L23.3674 24.9589C23.3674 24.9589 24.1512 25.1654 24.6351 24.6524C24.9576 24.3109 25.0851 23.8304 24.9414 23.3825L23.3949 18.5906C23.3949 18.5906 25.1001 15.5178 23.7524 11.4266C23.7524 11.4266 23.0698 9.14449 21.0233 7.33909C20.5344 5.72261 19.653 4.24126 18.4229 3.01639C15.935 0.535368 12.3907 -0.508086 8.94393 0.235094C8.26883 0.380226 7.83877 1.04458 7.98379 1.72145C8.12881 2.39582 8.79141 2.83122 9.46901 2.68233C12.0844 2.11806 14.7723 2.91004 16.6588 4.79301C18.1441 6.27186 18.9629 8.24116 18.9667 10.3381C18.9704 12.4362 18.1578 14.4093 16.6776 15.8944C14.241 18.3416 10.5504 18.9109 7.49246 17.312C7.19492 17.1568 6.84737 17.1293 6.52732 17.2319L3.18681 18.3166L4.26073 14.9711C4.36324 14.6508 4.32574 14.308 4.17696 14.0064C4.17696 14.0064 2.81176 11.389 3.43685 8.73036C3.43685 8.72911 3.85816 6.11046 6.14976 4.27879ZM18.8667 20.8765C18.5491 20.7701 18.2016 20.8014 17.9028 20.9578C15.5949 22.1701 12.9008 22.0125 10.7655 20.6763C13.5709 20.7776 16.3613 19.7554 18.4491 17.6585C19.9793 16.1209 20.9595 14.1866 21.3133 12.0884C22.0009 13.9539 21.9146 16.0596 20.9432 17.9138C20.787 18.2103 20.7582 18.5593 20.8607 18.8784L21.8121 21.8248L18.8667 20.8765ZM16.135 8.59899C16.135 9.29087 15.5749 9.85013 14.8848 9.85013H7.15241C6.46231 9.85013 5.90222 9.29087 5.90222 8.59899C5.90222 7.90711 6.46231 7.34785 7.15241 7.34785H14.8848C15.5749 7.34785 16.135 7.90711 16.135 8.59899ZM16.135 12.3699C16.135 13.0618 15.5749 13.6211 14.8848 13.6211H7.15241C6.46231 13.6211 5.90222 13.0618 5.90222 12.3699C5.90222 11.6781 6.46231 11.1188 7.15241 11.1188H14.8848C15.5749 11.1188 16.135 11.6781 16.135 12.3699Z"
              fill="white"
            />
          </svg>
          <span
            style="margin-left: 5px;"
          >
            testBtn
          </span>
          <span
            class="MuiTouchRipple-root css-8je8zh-MuiTouchRipple-root"
          />
        </button>
      </div>
    </div>
  </div>,
  "debug": [Function],
  "findAllByAltText": [Function],
  "findAllByDisplayValue": [Function],
  "findAllByLabelText": [Function],
  "findAllByPlaceholderText": [Function],
  "findAllByRole": [Function],
  "findAllByTestId": [Function],
  "findAllByText": [Function],
  "findAllByTitle": [Function],
  "findByAltText": [Function],
  "findByDisplayValue": [Function],
  "findByLabelText": [Function],
  "findByPlaceholderText": [Function],
  "findByRole": [Function],
  "findByTestId": [Function],
  "findByText": [Function],
  "findByTitle": [Function],
  "getAllByAltText": [Function],
  "getAllByDisplayValue": [Function],
  "getAllByLabelText": [Function],
  "getAllByPlaceholderText": [Function],
  "getAllByRole": [Function],
  "getAllByTestId": [Function],
  "getAllByText": [Function],
  "getAllByTitle": [Function],
  "getByAltText": [Function],
  "getByDisplayValue": [Function],
  "getByLabelText": [Function],
  "getByPlaceholderText": [Function],
  "getByRole": [Function],
  "getByTestId": [Function],
  "getByText": [Function],
  "getByTitle": [Function],
  "queryAllByAltText": [Function],
  "queryAllByDisplayValue": [Function],
  "queryAllByLabelText": [Function],
  "queryAllByPlaceholderText": [Function],
  "queryAllByRole": [Function],
  "queryAllByTestId": [Function],
  "queryAllByText": [Function],
  "queryAllByTitle": [Function],
  "queryByAltText": [Function],
  "queryByDisplayValue": [Function],
  "queryByLabelText": [Function],
  "queryByPlaceholderText": [Function],
  "queryByRole": [Function],
  "queryByTestId": [Function],
  "queryByText": [Function],
  "queryByTitle": [Function],
  "rerender": [Function],
  "unmount": [Function],
}
`;
